C:/TouchGFXProjects/HighstrikerHeNhung/Core/Src/main.c:952:13:SPI5_Write	16	static
C:/TouchGFXProjects/HighstrikerHeNhung/Core/Src/main.c:1055:6:StartDefaultTask	32	static
C:/TouchGFXProjects/HighstrikerHeNhung/Core/Src/main.c:161:6:HX711_Init	40	static
C:/TouchGFXProjects/HighstrikerHeNhung/Core/Src/main.c:180:5:HX711_Value	16	static
C:/TouchGFXProjects/HighstrikerHeNhung/Core/Src/main.c:203:5:HX711_AverageValue	24	static
C:/TouchGFXProjects/HighstrikerHeNhung/Core/Src/main.c:211:6:HX711_Tare	8	static
C:/TouchGFXProjects/HighstrikerHeNhung/Core/Src/main.c:1090:6:StartLoadcellTask	40	static
C:/TouchGFXProjects/HighstrikerHeNhung/Core/Src/main.c:215:7:HX711_Get_Weight	8	static
C:/TouchGFXProjects/HighstrikerHeNhung/Core/Src/main.c:329:6:SystemClock_Config	96	static
C:/TouchGFXProjects/HighstrikerHeNhung/Core/Src/main.c:225:5:main	120	static
C:/TouchGFXProjects/HighstrikerHeNhung/Core/Src/main.c:808:6:IOE_Init	0	static
C:/TouchGFXProjects/HighstrikerHeNhung/Core/Src/main.c:816:6:IOE_ITConfig	0	static
C:/TouchGFXProjects/HighstrikerHeNhung/Core/Src/main.c:827:6:IOE_Write	32	static
C:/TouchGFXProjects/HighstrikerHeNhung/Core/Src/main.c:837:9:IOE_Read	32	static
C:/TouchGFXProjects/HighstrikerHeNhung/Core/Src/main.c:849:10:IOE_ReadMultiple	24	static
C:/TouchGFXProjects/HighstrikerHeNhung/Core/Src/main.c:858:6:IOE_Delay	0	static
C:/TouchGFXProjects/HighstrikerHeNhung/Core/Src/main.c:974:6:LCD_IO_Init	8	static
C:/TouchGFXProjects/HighstrikerHeNhung/Core/Src/main.c:983:6:LCD_IO_WriteData	16	static
C:/TouchGFXProjects/HighstrikerHeNhung/Core/Src/main.c:998:6:LCD_IO_WriteReg	16	static
C:/TouchGFXProjects/HighstrikerHeNhung/Core/Src/main.c:1016:10:LCD_IO_ReadData	32	static
C:/TouchGFXProjects/HighstrikerHeNhung/Core/Src/main.c:1042:6:LCD_Delay	0	static
C:/TouchGFXProjects/HighstrikerHeNhung/Core/Src/main.c:1134:6:HAL_TIM_PeriodElapsedCallback	0	static
C:/TouchGFXProjects/HighstrikerHeNhung/Core/Src/main.c:1150:6:Error_Handler	0	static
