../../Middlewares/ST/touchgfx/framework/include/touchgfx/Screen.hpp:104:18:virtual void touchgfx::Screen::afterTransition()	0	static
../../Middlewares/ST/touchgfx/framework/include/touchgfx/Screen.hpp:154:18:virtual void touchgfx::Screen::handleKeyEvent(uint8_t)	0	static
../../Middlewares/ST/touchgfx/framework/include/touchgfx/Callback.hpp:357:8:touchgfx::Callback<LoadcellScreenView, const touchgfx::AbstractButtonContainer&>::~Callback()	0	static
C:/TouchGFXProjects/HighstrikerHeNhung/TouchGFX/gui/src/loadcellscreen_screen/LoadcellScreenView.cpp:24:6:virtual void LoadcellScreenView::tearDownScreen()	0	static
../../Middlewares/ST/touchgfx/framework/include/touchgfx/Callback.hpp:386:18:void touchgfx::Callback<dest_type, T1, void, void>::execute(T1) [with dest_type = LoadcellScreenView; T1 = const touchgfx::AbstractButtonContainer&]	8	static
../../Middlewares/ST/touchgfx/framework/include/touchgfx/Callback.hpp:396:18:bool touchgfx::Callback<dest_type, T1, void, void>::isValid() const [with dest_type = LoadcellScreenView; T1 = const touchgfx::AbstractButtonContainer&]	0	static
../../Middlewares/ST/touchgfx/framework/include/touchgfx/Callback.hpp:357:8:virtual touchgfx::Callback<LoadcellScreenView, const touchgfx::AbstractButtonContainer&>::~Callback()	8	static
C:/TouchGFXProjects/HighstrikerHeNhung/TouchGFX/gui/src/loadcellscreen_screen/LoadcellScreenView.cpp:194:6:virtual void LoadcellScreenView::pauseButtonClicked()	8	static
../../TouchGFX/gui/include/gui/loadcellscreen_screen/LoadcellScreenView.hpp:10:10:LoadcellScreenView::~LoadcellScreenView()	8	static
../../TouchGFX/gui/include/gui/loadcellscreen_screen/LoadcellScreenView.hpp:10:10:virtual LoadcellScreenView::~LoadcellScreenView()	8	static
C:/TouchGFXProjects/HighstrikerHeNhung/TouchGFX/gui/src/loadcellscreen_screen/LoadcellScreenView.cpp:14:1:LoadcellScreenView::LoadcellScreenView()	8	static
C:/TouchGFXProjects/HighstrikerHeNhung/TouchGFX/gui/src/loadcellscreen_screen/LoadcellScreenView.cpp:18:6:virtual void LoadcellScreenView::setupScreen()	8	static
C:/TouchGFXProjects/HighstrikerHeNhung/TouchGFX/gui/src/loadcellscreen_screen/LoadcellScreenView.cpp:78:6:void LoadcellScreenView::update_display()	48	static
C:/TouchGFXProjects/HighstrikerHeNhung/TouchGFX/gui/src/loadcellscreen_screen/LoadcellScreenView.cpp:29:6:void LoadcellScreenView::handle_loadcell()	16	static
C:/TouchGFXProjects/HighstrikerHeNhung/TouchGFX/gui/src/loadcellscreen_screen/LoadcellScreenView.cpp:121:6:void LoadcellScreenView::retryButt2Clicked(const touchgfx::AbstractButtonContainer&)	16	static
C:/TouchGFXProjects/HighstrikerHeNhung/TouchGFX/gui/src/loadcellscreen_screen/LoadcellScreenView.cpp:132:6:virtual void LoadcellScreenView::handleTickEvent()	32	static
