../../Middlewares/ST/touchgfx/framework/include/touchgfx/Screen.hpp:104:18:virtual void touchgfx::Screen::afterTransition()	0	static
../../Middlewares/ST/touchgfx/framework/include/touchgfx/Screen.hpp:144:18:virtual void touchgfx::Screen::handleTickEvent()	0	static
../../Middlewares/ST/touchgfx/framework/include/touchgfx/Screen.hpp:154:18:virtual void touchgfx::Screen::handleKeyEvent(uint8_t)	0	static
C:/TouchGFXProjects/HighstrikerHeNhung/TouchGFX/gui/src/pausescreen_screen/PauseScreenView.cpp:16:6:virtual void PauseScreenView::tearDownScreen()	0	static
../../TouchGFX/gui/include/gui/pausescreen_screen/PauseScreenView.hpp:11:13:PauseScreenView::~PauseScreenView()	8	static
../../TouchGFX/gui/include/gui/pausescreen_screen/PauseScreenView.hpp:11:13:virtual PauseScreenView::~PauseScreenView()	8	static
C:/TouchGFXProjects/HighstrikerHeNhung/TouchGFX/gui/src/pausescreen_screen/PauseScreenView.cpp:26:6:virtual void PauseScreenView::resumeButtonClicked()	8	static
C:/TouchGFXProjects/HighstrikerHeNhung/TouchGFX/gui/src/pausescreen_screen/PauseScreenView.cpp:7:1:PauseScreenView::PauseScreenView()	8	static
C:/TouchGFXProjects/HighstrikerHeNhung/TouchGFX/gui/src/pausescreen_screen/PauseScreenView.cpp:21:6:static void PauseScreenView::setPreviousScreen(PreviousScreen)	0	static
C:/TouchGFXProjects/HighstrikerHeNhung/TouchGFX/gui/src/pausescreen_screen/PauseScreenView.cpp:11:6:virtual void PauseScreenView::setupScreen()	0	static
