../../TouchGFX/gui/include/gui/pausescreen_screen/PauseScreenPresenter.hpp:28:13:PauseScreenPresenter::~PauseScreenPresenter()	0	static
C:/TouchGFXProjects/HighstrikerHeNhung/TouchGFX/gui/src/pausescreen_screen/PauseScreenPresenter.cpp:10:6:virtual void PauseScreenPresenter::activate()	0	static
../../TouchGFX/gui/include/gui/pausescreen_screen/PauseScreenPresenter.hpp:28:13:virtual PauseScreenPresenter::~PauseScreenPresenter()	8	static
../../TouchGFX/gui/include/gui/pausescreen_screen/PauseScreenPresenter.hpp:28:13:virtual void* PauseScreenPresenter::_ZThn4_N20PauseScreenPresenterD1Ev()	0	static
C:/TouchGFXProjects/HighstrikerHeNhung/TouchGFX/gui/src/pausescreen_screen/PauseScreenPresenter.cpp:4:1:PauseScreenPresenter::PauseScreenPresenter(PauseScreenView&)	0	static
