../../Middlewares/ST/touchgfx/framework/include/touchgfx/Screen.hpp:104:18:virtual void touchgfx::Screen::afterTransition()	0	static
../../Middlewares/ST/touchgfx/framework/include/touchgfx/Screen.hpp:144:18:virtual void touchgfx::Screen::handleTickEvent()	0	static
../../Middlewares/ST/touchgfx/framework/include/touchgfx/Screen.hpp:154:18:virtual void touchgfx::Screen::handleKeyEvent(uint8_t)	0	static
C:/TouchGFXProjects/HighstrikerHeNhung/TouchGFX/gui/src/pausescreenloadcell_screen/PauseScreenLoadcellView.cpp:13:6:virtual void PauseScreenLoadcellView::tearDownScreen()	0	static
../../TouchGFX/gui/include/gui/pausescreenloadcell_screen/PauseScreenLoadcellView.hpp:11:13:PauseScreenLoadcellView::~PauseScreenLoadcellView()	8	static
../../TouchGFX/gui/include/gui/pausescreenloadcell_screen/PauseScreenLoadcellView.hpp:11:13:virtual PauseScreenLoadcellView::~PauseScreenLoadcellView()	8	static
C:/TouchGFXProjects/HighstrikerHeNhung/TouchGFX/gui/src/pausescreenloadcell_screen/PauseScreenLoadcellView.cpp:3:1:PauseScreenLoadcellView::PauseScreenLoadcellView()	8	static
C:/TouchGFXProjects/HighstrikerHeNhung/TouchGFX/gui/src/pausescreenloadcell_screen/PauseScreenLoadcellView.cpp:8:6:virtual void PauseScreenLoadcellView::setupScreen()	0	static
