../../TouchGFX/gui/include/gui/pausescreenloadcell_screen/PauseScreenLoadcellPresenter.hpp:28:13:PauseScreenLoadcellPresenter::~PauseScreenLoadcellPresenter()	0	static
C:/TouchGFXProjects/HighstrikerHeNhung/TouchGFX/gui/src/pausescreenloadcell_screen/PauseScreenLoadcellPresenter.cpp:10:6:virtual void PauseScreenLoadcellPresenter::activate()	0	static
../../TouchGFX/gui/include/gui/pausescreenloadcell_screen/PauseScreenLoadcellPresenter.hpp:28:13:virtual PauseScreenLoadcellPresenter::~PauseScreenLoadcellPresenter()	8	static
../../TouchGFX/gui/include/gui/pausescreenloadcell_screen/PauseScreenLoadcellPresenter.hpp:28:13:virtual void* PauseScreenLoadcellPresenter::_ZThn4_N28PauseScreenLoadcellPresenterD1Ev()	0	static
C:/TouchGFXProjects/HighstrikerHeNhung/TouchGFX/gui/src/pausescreenloadcell_screen/PauseScreenLoadcellPresenter.cpp:4:1:PauseScreenLoadcellPresenter::PauseScreenLoadcellPresenter(PauseScreenLoadcellView&)	0	static
