../../Middlewares/ST/touchgfx/framework/include/touchgfx/Screen.hpp:104:18:virtual void touchgfx::Screen::afterTransition()	0	static
../../Middlewares/ST/touchgfx/framework/include/touchgfx/Screen.hpp:144:18:virtual void touchgfx::Screen::handleTickEvent()	0	static
../../Middlewares/ST/touchgfx/framework/include/touchgfx/Screen.hpp:154:18:virtual void touchgfx::Screen::handleKeyEvent(uint8_t)	0	static
C:/TouchGFXProjects/HighstrikerHeNhung/TouchGFX/gui/src/selecthardwarescreen_screen/SelectHardwareScreenView.cpp:13:6:virtual void SelectHardwareScreenView::tearDownScreen()	0	static
../../TouchGFX/gui/include/gui/selecthardwarescreen_screen/SelectHardwareScreenView.hpp:11:13:SelectHardwareScreenView::~SelectHardwareScreenView()	8	static
../../TouchGFX/gui/include/gui/selecthardwarescreen_screen/SelectHardwareScreenView.hpp:11:13:virtual SelectHardwareScreenView::~SelectHardwareScreenView()	8	static
C:/TouchGFXProjects/HighstrikerHeNhung/TouchGFX/gui/src/selecthardwarescreen_screen/SelectHardwareScreenView.cpp:3:1:SelectHardwareScreenView::SelectHardwareScreenView()	8	static
C:/TouchGFXProjects/HighstrikerHeNhung/TouchGFX/gui/src/selecthardwarescreen_screen/SelectHardwareScreenView.cpp:8:6:virtual void SelectHardwareScreenView::setupScreen()	0	static
